16:44:53 **** Incremental Build of configuration Debug for project CG2028AssignS1AY2122 ****
make all 
Building file: ../src/main.c
Invoking: MCU C Compiler
arm-none-eabi-gcc -DDEBUG -D__CODE_RED -D__REDLIB__ -D__USE_CMSIS=CMSISv1p30_LPC17xx -I"C:\Users\justi\OneDrive\Documents\NUS\Year 2 Sem 2\CG2028\CG2028 Project\Lib_CMSISv1p30_LPC17xx\inc" -O0 -g3 -Wall -c -fmessage-length=0 -fno-builtin -ffunction-sections -Wa,-ahlnds=main.asm -mcpu=cortex-m3 -mthumb -MMD -MP -MF"src/main.d" -MT"src/main.d" -o"src/main.o" "../src/main.c"
../src/main.c: In function 'main':
../src/main.c:45:2: warning: passing argument 1 of 'classification_cCode' from incompatible pointer type [enabled by default]
../src/main.c:8:5: note: expected 'int *' but argument is of type 'int (*)[2]'
../src/main.c:45:2: warning: passing argument 2 of 'classification_cCode' from incompatible pointer type [enabled by default]
../src/main.c:8:5: note: expected 'int *' but argument is of type 'int (*)[2]'
../src/main.c:46:2: warning: passing argument 1 of 'classification' from incompatible pointer type [enabled by default]
../src/main.c:9:12: note: expected 'int *' but argument is of type 'int (*)[2]'
../src/main.c:46:2: warning: passing argument 2 of 'classification' from incompatible pointer type [enabled by default]
../src/main.c:9:12: note: expected 'int *' but argument is of type 'int (*)[2]'
../src/main.c: In function 'classification_cCode':
../src/main.c:52:8: warning: unused variable 'j' [-Wunused-variable]
Finished building: ../src/main.c
 
Building target: CG2028AssignS1AY2122.axf
Invoking: MCU Linker
arm-none-eabi-gcc -nostdlib -L"C:\Users\justi\OneDrive\Documents\NUS\Year 2 Sem 2\CG2028\CG2028 Project\Lib_CMSISv1p30_LPC17xx\Debug" -Xlinker --gc-sections -Xlinker -Map=CG2028AssignS1AY2122.map -mcpu=cortex-m3 -mthumb -T "CG2028AssignS1AY2122_Debug.ld" -o"CG2028AssignS1AY2122.axf"  ./src/classification.o ./src/cr_startup_lpc17.o ./src/main.o   -lCMSISv1p30_LPC17xx
Finished building target: CG2028AssignS1AY2122.axf
 
make --no-print-directory post-build
Performing post-build steps
arm-none-eabi-size CG2028AssignS1AY2122.axf; # arm-none-eabi-objcopy -O ihex CG2028AssignS1AY2122.axf CG2028AssignS1AY2122.hex ;
   text	   data	    bss	    dec	    hex	filename
  13152	      0	    336	  13488	   34b0	CG2028AssignS1AY2122.axf
 

16:44:54 Build Finished (took 736ms)

