15:34:22 **** Incremental Build of configuration Debug for project Lib_CMSISv1p30_LPC17xx ****
make all 
make: Nothing to be done for `all'.
15:34:24 **** Incremental Build of configuration Debug for project CG2028AssignS1AY2122 ****
make all 
Building file: ../src/classification.s
Invoking: MCU Assembler
arm-none-eabi-gcc -c -x assembler-with-cpp -DDEBUG -D__CODE_RED -D__REDLIB__ -g3 -mcpu=cortex-m3 -mthumb -o"src/classification.o" "../src/classification.s"
Finished building: ../src/classification.s
 
Building target: CG2028AssignS1AY2122.axf
Invoking: MCU Linker
arm-none-eabi-gcc -nostdlib -L"C:\Users\justi\OneDrive\Documents\NUS\Year 2 Sem 2\CG2028\CG2028 Project\Lib_CMSISv1p30_LPC17xx\Debug" -Xlinker --gc-sections -Xlinker -Map=CG2028AssignS1AY2122.map -mcpu=cortex-m3 -mthumb -T "CG2028AssignS1AY2122_Debug.ld" -o"CG2028AssignS1AY2122.axf"  ./src/classification.o ./src/cr_startup_lpc17.o ./src/main.o   -lCMSISv1p30_LPC17xx
Finished building target: CG2028AssignS1AY2122.axf
 
make --no-print-directory post-build
Performing post-build steps
arm-none-eabi-size CG2028AssignS1AY2122.axf; # arm-none-eabi-objcopy -O ihex CG2028AssignS1AY2122.axf CG2028AssignS1AY2122.hex ;
   text	   data	    bss	    dec	    hex	filename
  13152	      0	    336	  13488	   34b0	CG2028AssignS1AY2122.axf
 
15:36:16 **** Incremental Build of configuration Debug for project CG2028AssignS1AY2122 ****
make all 
Building file: ../src/classification.s
Invoking: MCU Assembler
arm-none-eabi-gcc -c -x assembler-with-cpp -DDEBUG -D__CODE_RED -D__REDLIB__ -g3 -mcpu=cortex-m3 -mthumb -o"src/classification.o" "../src/classification.s"
Finished building: ../src/classification.s
 
Building target: CG2028AssignS1AY2122.axf
Invoking: MCU Linker
arm-none-eabi-gcc -nostdlib -L"C:\Users\justi\OneDrive\Documents\NUS\Year 2 Sem 2\CG2028\CG2028 Project\Lib_CMSISv1p30_LPC17xx\Debug" -Xlinker --gc-sections -Xlinker -Map=CG2028AssignS1AY2122.map -mcpu=cortex-m3 -mthumb -T "CG2028AssignS1AY2122_Debug.ld" -o"CG2028AssignS1AY2122.axf"  ./src/classification.o ./src/cr_startup_lpc17.o ./src/main.o   -lCMSISv1p30_LPC17xx
Finished building target: CG2028AssignS1AY2122.axf
 
make --no-print-directory post-build
Performing post-build steps
arm-none-eabi-size CG2028AssignS1AY2122.axf; # arm-none-eabi-objcopy -O ihex CG2028AssignS1AY2122.axf CG2028AssignS1AY2122.hex ;
   text	   data	    bss	    dec	    hex	filename
  13152	      0	    336	  13488	   34b0	CG2028AssignS1AY2122.axf
 
